Microchip MPLAB XC8 Compiler V1.41 ()

Linker command line:

-W-3 --edf=C:\Program Files\Microchip\xc8\v1.41\dat\en_msgs.txt -cs \
  -h+dist/default/production\DriverMotorControl.production.sym \
  --cmf=dist/default/production\DriverMotorControl.production.cmf -z \
  -Q18F46K22 -oC:\Users\ARIELL~1\AppData\Local\Temp\s2oc.2 \
  -Mdist/default/production/DriverMotorControl.production.map -E1 -ver=XC8 \
  -ASTACK=0140h-0f37h -pstack=STACK -ACODE=00h-0FFFFh -ACONST=00h-0FFFFh \
  -ASMALLCONST=01000h-010FFhx240 -AMEDIUMCONST=01000h-0FFFFh \
  -ACOMRAM=01h-05Fh -AABS1=00h-0F37h -ABIGRAM=01h-0F37h \
  -ARAM=060h-0FFh,0100h-01FFhx14,0F00h-0F37h -ABANK0=060h-0FFh \
  -ABANK1=0100h-01FFh -ABANK2=0200h-02FFh -ABANK3=0300h-03FFh \
  -ABANK4=0400h-04FFh -ABANK5=0500h-05FFh -ABANK6=0600h-06FFh \
  -ABANK7=0700h-07FFh -ABANK8=0800h-08FFh -ABANK9=0900h-09FFh \
  -ABANK10=0A00h-0AFFh -ABANK11=0B00h-0BFFh -ABANK12=0C00h-0CFFh \
  -ABANK13=0D00h-0DFFh -ABANK14=0E00h-0EFFh -ABANK15=0F00h-0F37h \
  -ASFR=0F38h-0F5Fh,0F60h-0FFFh \
  -preset_vec=00h,intcode=08h,intcodelo,powerup,init -pramtop=01000h \
  -psmallconst=SMALLCONST -pmediumconst=MEDIUMCONST -pconst=CONST \
  -AFARRAM=00h-00h -ACONFIG=0300000h-030000Dh -pconfig=CONFIG \
  -AIDLOC=0200000h-0200007h -pidloc=IDLOC -AEEDATA=0F00000h-0F003FFh \
  -peeprom_data=EEDATA \
  -prdata=COMRAM,nvrram=COMRAM,nvbit=COMRAM,rbss=COMRAM,rbit=COMRAM \
  -pfarbss=FARRAM,fardata=FARRAM,nvFARRAM=FARRAM \
  -pintsave_regs=BIGRAM,bigbss=BIGRAM,bigdata=BIGRAM -pbss=RAM \
  -pidata=CODE,irdata=CODE,ibigdata=CODE,ifardata=CODE -prparam=COMRAM \
  C:\Users\ARIELL~1\AppData\Local\Temp\s2oc.obj \
  dist/default/production\DriverMotorControl.production.obj 

Object code version is 3.11

Machine type is 18F46K22

Call graph: (short form)




                Name                               Link     Load   Length Selector   Space Scale
C:\Users\ARIELL~1\AppData\Local\Temp\s2oc.obj
                init                                 AA       AA        4        4       0
                reset_vec                             0        0        4        0       0
                idloc                            200000   200000        8   200000       0
                config                           300000   300000        E   300000       0
dist/default/production\DriverMotorControl.production.obj
                intcode                               8        8       A2        4       0
                temp                                 4E       4E        1        1       1
                text36                              DC2      DC2        4        4       0
                text35                              DC8      DC8        2        4       0
                text34                              CCA      CCA       24        4       0
                text33                              DAC      DAC        8        4       0
                text32                              DC6      DC6        2        4       0
                text31                              D10      D10       22        4       0
                text29                              D32      D32       18        4       0
                text28                              D60      D60       14        4       0
                text27                              CA6      CA6       24        4       0
                text26                              C82      C82       24        4       0
                text25                              D4A      D4A       16        4       0
                text24                              DBE      DBE        4        4       0
                text23                              D74      D74        E        4       0
                text22                              AC8      AC8       4C        4       0
                text21                              DA2      DA2        A        4       0
                text20                              DBA      DBA        4        4       0
                text19                              CEE      CEE       22        4       0
                text18                              D98      D98        A        4       0
                text17                              DB4      DB4        6        4       0
                text16                              C36      C36       28        4       0
                text15                              BE4      BE4       2A        4       0
                text14                              D8E      D8E        A        4       0
                text13                              BB4      BB4       30        4       0
                text12                              B84      B84       30        4       0
                text11                              D82      D82        C        4       0
                text10                              400      400      1FA        4       0
                text9                               B54      B54       30        4       0
                text8                               7D4      7D4       AE        4       0
                text7                               6EE      6EE       E6        4       0
                text6                               5FA      5FA       F4        4       0
                text5                               C5E      C5E       24        4       0
                text4                               91C      91C       84        4       0
                text3                               882      882       9A        4       0
                text2                                AE       AE      352        4       0
                text1                               A7A      A7A       4E        4       0
                text0                               C0E      C0E       28        4       0
                cstackCOMRAM                          1        1       3D        1       1
                dataBANK1                           100      100       40      100       1
                dataBANK0                            60       60       80       60       1
                bssCOMRAM                            3E       3E        B        1       1
                cinit                               A20      A20       5A        4       0
                nvCOMRAM                             49       49        5        1       1
                idataBANK1                          B14      B14       40        4       0
                idataBANK0                          9A0      9A0       80        4       0

TOTAL           Name                               Link     Load   Length     Space
        CLASS   STACK          

        CLASS   CODE           
                intcode                               8        8       A2         0
                init                                 AA       AA        4         0
                reset_vec                             0        0        4         0
                text36                              DC2      DC2        4         0
                text35                              DC8      DC8        2         0
                text34                              CCA      CCA       24         0
                text33                              DAC      DAC        8         0
                text32                              DC6      DC6        2         0
                text31                              D10      D10       22         0
                text29                              D32      D32       18         0
                text28                              D60      D60       14         0
                text27                              CA6      CA6       24         0
                text26                              C82      C82       24         0
                text25                              D4A      D4A       16         0
                text24                              DBE      DBE        4         0
                text23                              D74      D74        E         0
                text22                              AC8      AC8       4C         0
                text21                              DA2      DA2        A         0
                text20                              DBA      DBA        4         0
                text19                              CEE      CEE       22         0
                text18                              D98      D98        A         0
                text17                              DB4      DB4        6         0
                text16                              C36      C36       28         0
                text15                              BE4      BE4       2A         0
                text14                              D8E      D8E        A         0
                text13                              BB4      BB4       30         0
                text12                              B84      B84       30         0
                text11                              D82      D82        C         0
                text10                              400      400      1FA         0
                text9                               B54      B54       30         0
                text8                               7D4      7D4       AE         0
                text7                               6EE      6EE       E6         0
                text6                               5FA      5FA       F4         0
                text5                               C5E      C5E       24         0
                text4                               91C      91C       84         0
                text3                               882      882       9A         0
                text2                                AE       AE      352         0
                text1                               A7A      A7A       4E         0
                text0                               C0E      C0E       28         0
                cinit                               A20      A20       5A         0
                idataBANK1                          B14      B14       40         0
                idataBANK0                          9A0      9A0       80         0

        CLASS   CONST          

        CLASS   SMALLCONST     

        CLASS   MEDIUMCONST    

        CLASS   COMRAM         
                temp                                 4E       4E        1         1
                cstackCOMRAM                          1        1       3D         1
                bssCOMRAM                            3E       3E        B         1
                nvCOMRAM                             49       49        5         1

        CLASS   ABS1           

        CLASS   BIGRAM         

        CLASS   RAM            

        CLASS   BANK0          
                dataBANK0                            60       60       80         1

        CLASS   BANK1          
                dataBANK1                           100      100       40         1

        CLASS   BANK2          

        CLASS   BANK3          

        CLASS   BANK4          

        CLASS   BANK5          

        CLASS   BANK6          

        CLASS   BANK7          

        CLASS   BANK8          

        CLASS   BANK9          

        CLASS   BANK10         

        CLASS   BANK11         

        CLASS   BANK12         

        CLASS   BANK13         

        CLASS   BANK14         

        CLASS   BANK15         

        CLASS   SFR            

        CLASS   FARRAM         

        CLASS   CONFIG         
                config                           300000   300000        E         0

        CLASS   IDLOC          
                idloc                            200000   200000        8         0

        CLASS   EEDATA         



SEGMENTS        Name                           Load    Length   Top    Selector   Space  Class

                reset_vec                      000000  000004  000004         0       0  CODE    
                cstackCOMRAM                   000001  00004E  00004F         1       1  COMRAM  
                intcode                        000008  000DC2  000DCA         4       0  CODE    
                dataBANK0                      000060  000080  0000E0        60       1  BANK0   
                dataBANK1                      000100  000040  000140       100       1  BANK1   
                idloc                          200000  000008  200008    200000       0  IDLOC   
                config                         300000  00000E  30000E    300000       0  CONFIG  


UNUSED ADDRESS RANGES

        Name                Unused          Largest block    Delta
        BANK0            0000E0-0000FF               20
        BANK1            000140-0001FF               C0
        BANK10           000A00-000AFF              100
        BANK11           000B00-000BFF              100
        BANK12           000C00-000CFF              100
        BANK13           000D00-000DFF              100
        BANK14           000E00-000EFF              100
        BANK15           000F00-000F37               38
        BANK2            000200-0002FF              100
        BANK3            000300-0003FF              100
        BANK4            000400-0004FF              100
        BANK5            000500-0005FF              100
        BANK6            000600-0006FF              100
        BANK7            000700-0007FF              100
        BANK8            000800-0008FF              100
        BANK9            000900-0009FF              100
        BIGRAM           00004F-00005F               11
                         0000E0-0000FF               20
                         000140-000F37              DF8
        CODE             000004-000007                4
                         000DCA-00FFFF             F236
        COMRAM           00004F-00005F               11
        CONST            000004-000007                4
                         000DCA-00FFFF             F236
        EEDATA           F00000-F003FF              400
        MEDIUMCONST      001000-00FFFF             F000
        RAM              0000E0-0000FF               20
                         000140-000F37              100
        SFR              000F38-000FFF               28
        SMALLCONST       001000-00FFFF              100
        STACK            000140-000F37              DF8

                                  Symbol Table

?_ADC_GetConversion                       cstackCOMRAM 00000F
?___ftdiv                                 cstackCOMRAM 000017
?___ftpack                                cstackCOMRAM 00000F
?___fttol                                 cstackCOMRAM 00000F
?___lwtoft                                cstackCOMRAM 000017
ADC_GetConversion@channel                 cstackCOMRAM 000013
EPWM1_LoadDutyValue@dutyValue             cstackCOMRAM 00000F
EPWM2_LoadDutyValue@dutyValue             cstackCOMRAM 00000F
EUSART1_Write@txData                      cstackCOMRAM 00000F
State8MEF_act@ANALOG_0                    cstackCOMRAM 000032
State8MEF_act@ANALOG_1                    cstackCOMRAM 000034
State8MEF_act@PWM1                        cstackCOMRAM 000036
State8MEF_act@PWM2                        cstackCOMRAM 000037
StepMove@StepNumber                       cstackCOMRAM 000038
StepMove@Velocidad                        cstackCOMRAM 00003A
StepMove@microstep_number                 cstackCOMRAM 00003B
TMR2_SetInterruptHandler@InterruptHandler cstackCOMRAM 00000F
TMR6_SetInterruptHandler@InterruptHandler cstackCOMRAM 00000F
_ADCON0                                   (abs)        000FC2
_ADCON0bits                               (abs)        000FC2
_ADCON1                                   (abs)        000FC1
_ADCON2                                   (abs)        000FC0
_ADC_GetConversion                        text9        000B54
_ADC_ISR                                  text36       000DC2
_ADC_Initialize                           text29       000D32
_ADRESH                                   (abs)        000FC4
_ADRESL                                   (abs)        000FC3
_ANALOG_0                                 bssCOMRAM    000044
_ANALOG_1                                 bssCOMRAM    000042
_ANSELA                                   (abs)        000F38
_ANSELB                                   (abs)        000F39
_ANSELC                                   (abs)        000F3A
_ANSELD                                   (abs)        000F3B
_ANSELE                                   (abs)        000F3C
_BAUDCON1                                 (abs)        000FB8
_CCP1CON                                  (abs)        000FBD
_CCP2CON                                  (abs)        000F66
_CCP5CON                                  (abs)        000F54
_CCP5_Initialize                          text28       000D60
_CCPR1H                                   (abs)        000FBF
_CCPR1L                                   (abs)        000FBE
_CCPR2H                                   (abs)        000F68
_CCPR2L                                   (abs)        000F67
_CCPR5H                                   (abs)        000F56
_CCPR5L                                   (abs)        000F55
_CCPTMRS0bits                             (abs)        000F49
_ECCP1AS                                  (abs)        000FB6
_ECCP2AS                                  (abs)        000F64
_EPWM1_Initialize                         text27       000CA6
_EPWM1_LoadDutyValue                      text13       000BB4
_EPWM2_Initialize                         text26       000C82
_EPWM2_LoadDutyValue                      text12       000B84
_EUSART1_Initialize                       text25       000D4A
_EUSART1_Write                            text11       000D82
_EstadoActual                             nvCOMRAM     00004D
_INTCON2bits                              (abs)        000FF1
_INTCONbits                               (abs)        000FF2
_INTERRUPT_Initialize                     text24       000DBE
_INTERRUPT_InterruptManager               intcode      000008
_LATA                                     (abs)        000F89
_LATB                                     (abs)        000F8A
_LATBbits                                 (abs)        000F8A
_LATC                                     (abs)        000F8B
_LATCbits                                 (abs)        000F8B
_LATD                                     (abs)        000F8C
_LATDbits                                 (abs)        000F8C
_LATE                                     (abs)        000F8D
_LookUP_TABLE_COS                         dataBANK0    0000C0
_LookUP_TABLE_COS_16                      dataBANK0    000060
_LookUP_TABLE_SEN                         dataBANK0    0000A0
_LookUP_TABLE_SEN_16                      dataBANK1    000100
_Microstep                                bssCOMRAM    000047
_OSCCON                                   (abs)        000FD3
_OSCCON2                                  (abs)        000FD2
_OSCILLATOR_Initialize                    text23       000D74
_OSCTUNE                                  (abs)        000F9B
_PIE1bits                                 (abs)        000F9D
_PIE5bits                                 (abs)        000F7D
_PIN_MANAGER_Initialize                   text22       000AC8
_PIR1bits                                 (abs)        000F9E
_PIR5bits                                 (abs)        000F7E
_PR2                                      (abs)        000FBB
_PR6                                      (abs)        000F4B
_PSTR1CON                                 (abs)        000FB9
_PSTR2CON                                 (abs)        000F63
_PWM1CON                                  (abs)        000FB7
_PWM2CON                                  (abs)        000F65
_RCONbits                                 (abs)        000FD0
_RCREG1                                   (abs)        000FAE
_RCSTA1                                   (abs)        000FAB
_RCSTA1bits                               (abs)        000FAB
_SPBRG1                                   (abs)        000FAF
_SPBRGH1                                  (abs)        000FB0
_SYSTEM_Initialize                        text15       000BE4
_State16MEF_act                           text10       000400
_State8MEF_act                            text2        0000AE
_StateMEF_ini                             text14       000D8E
_StepCount                                bssCOMRAM    000040
_StepMove                                 text1        000A7A
_T2CON                                    (abs)        000FBA
_T2CONbits                                (abs)        000FBA
_T6CON                                    (abs)        000F4A
_T6CONbits                                (abs)        000F4A
_TMR2                                     (abs)        000FBC
_TMR2_CallBack                            text34       000CCA
_TMR2_DefaultInterruptHandler             text35       000DC8
_TMR2_ISR                                 text33       000DAC
_TMR2_Initialize                          text19       000CEE
_TMR2_InterruptHandler                    nvCOMRAM     000049
_TMR2_SetInterruptHandler                 text21       000DA2
_TMR2_StartTimer                          text20       000DBA
_TMR6                                     (abs)        000F4C
_TMR6_DefaultInterruptHandler             text32       000DC6
_TMR6_ISR                                 text31       000D10
_TMR6_Initialize                          text16       000C36
_TMR6_InterruptHandler                    nvCOMRAM     00004B
_TMR6_SetInterruptHandler                 text18       000D98
_TMR6_StartTimer                          text17       000DB4
_TRISA                                    (abs)        000F92
_TRISB                                    (abs)        000F93
_TRISC                                    (abs)        000F94
_TRISD                                    (abs)        000F95
_TRISE                                    (abs)        000F96
_TXREG1                                   (abs)        000FAD
_TXSTA1                                   (abs)        000FAC
_Timer2Tick_count                         bssCOMRAM    00003E
_Timer2Ticked                             bssCOMRAM    000048
_WPUB                                     (abs)        000F61
__CFG_BOREN$SBORDIS                       (abs)        000000
__CFG_BORV$190                            (abs)        000000
__CFG_CCP2MX$PORTC1                       (abs)        000000
__CFG_CCP3MX$PORTB5                       (abs)        000000
__CFG_CP0$OFF                             (abs)        000000
__CFG_CP1$OFF                             (abs)        000000
__CFG_CP2$OFF                             (abs)        000000
__CFG_CP3$OFF                             (abs)        000000
__CFG_CPB$OFF                             (abs)        000000
__CFG_CPD$OFF                             (abs)        000000
__CFG_DEBUG$OFF                           (abs)        000000
__CFG_EBTR0$OFF                           (abs)        000000
__CFG_EBTR1$OFF                           (abs)        000000
__CFG_EBTR2$OFF                           (abs)        000000
__CFG_EBTR3$OFF                           (abs)        000000
__CFG_EBTRB$OFF                           (abs)        000000
__CFG_FCMEN$OFF                           (abs)        000000
__CFG_FOSC$INTIO67                        (abs)        000000
__CFG_HFOFST$ON                           (abs)        000000
__CFG_IESO$OFF                            (abs)        000000
__CFG_LVP$ON                              (abs)        000000
__CFG_MCLRE$EXTMCLR                       (abs)        000000
__CFG_P2BMX$PORTC0                        (abs)        000000
__CFG_PBADEN$ON                           (abs)        000000
__CFG_PLLCFG$OFF                          (abs)        000000
__CFG_PRICLKEN$ON                         (abs)        000000
__CFG_PWRTEN$OFF                          (abs)        000000
__CFG_STVREN$ON                           (abs)        000000
__CFG_T3CMX$PORTC0                        (abs)        000000
__CFG_WDTEN$OFF                           (abs)        000000
__CFG_WDTPS$32768                         (abs)        000000
__CFG_WRT0$OFF                            (abs)        000000
__CFG_WRT1$OFF                            (abs)        000000
__CFG_WRT2$OFF                            (abs)        000000
__CFG_WRT3$OFF                            (abs)        000000
__CFG_WRTB$OFF                            (abs)        000000
__CFG_WRTC$OFF                            (abs)        000000
__CFG_WRTD$OFF                            (abs)        000000
__CFG_XINST$OFF                           (abs)        000000
__HRAM                                    (abs)        000000
__Habs1                                   abs1         000000
__Hbank0                                  bank0        000000
__Hbank1                                  bank1        000000
__Hbank10                                 bank10       000000
__Hbank11                                 bank11       000000
__Hbank12                                 bank12       000000
__Hbank13                                 bank13       000000
__Hbank14                                 bank14       000000
__Hbank15                                 bank15       000000
__Hbank2                                  bank2        000000
__Hbank3                                  bank3        000000
__Hbank4                                  bank4        000000
__Hbank5                                  bank5        000000
__Hbank6                                  bank6        000000
__Hbank7                                  bank7        000000
__Hbank8                                  bank8        000000
__Hbank9                                  bank9        000000
__Hbigbss                                 bigbss       000000
__Hbigdata                                bigdata      000000
__Hbigram                                 bigram       000000
__Hbss                                    bss          000000
__HbssCOMRAM                              bssCOMRAM    000000
__Hcinit                                  cinit        000000
__Hclrtext                                clrtext      000000
__Hcomram                                 comram       000000
__Hconfig                                 config       30000E
__Hconst                                  const        000000
__HcstackCOMRAM                           cstackCOMRAM 000000
__Hdata                                   data         000000
__HdataBANK0                              dataBANK0    000000
__HdataBANK1                              dataBANK1    000000
__Heeprom_data                            eeprom_data  000000
__Hfarbss                                 farbss       000000
__Hfardata                                fardata      000000
__Hibigdata                               ibigdata     000000
__Hidata                                  idata        000000
__HidataBANK0                             idataBANK0   000000
__HidataBANK1                             idataBANK1   000000
__Hidloc                                  idloc        200008
__Hifardata                               ifardata     000000
__Hinit                                   init         0000AE
__Hintcode                                intcode      0000AA
__Hintcode_body                           intcode_body 000000
__Hintcodelo                              intcodelo    0000AA
__Hintentry                               intentry     000000
__Hintret                                 intret       000000
__Hintsave_regs                           intsave_regs 000000
__Hirdata                                 irdata       000000
__Hmediumconst                            mediumconst  000000
__HnvCOMRAM                               nvCOMRAM     000000
__HnvFARRAM                               nvFARRAM     000000
__Hnvbit                                  nvbit        000000
__Hnvrram                                 nvrram       000000
__Hparam                                  rparam       000000
__Hpowerup                                powerup      0000AA
__Hram                                    ram          000000
__Hramtop                                 ramtop       001000
__Hrbit                                   rbit         000000
__Hrbss                                   rbss         000000
__Hrdata                                  rdata        000000
__Hreset_vec                              reset_vec    000004
__Hrparam                                 rparam       000000
__Hsfr                                    sfr          000000
__Hsmallconst                             smallconst   000000
__Hspace_0                                (abs)        30000E
__Hspace_1                                (abs)        000140
__Hspace_2                                (abs)        000000
__Hstack                                  stack        000000
__Hstruct                                 struct       000000
__Htemp                                   temp         00004F
__Htext                                   text         000000
__Htext0                                  text0        000000
__Htext1                                  text1        000000
__Htext10                                 text10       000000
__Htext11                                 text11       000000
__Htext12                                 text12       000000
__Htext13                                 text13       000000
__Htext14                                 text14       000000
__Htext15                                 text15       000000
__Htext16                                 text16       000000
__Htext17                                 text17       000000
__Htext18                                 text18       000000
__Htext19                                 text19       000000
__Htext2                                  text2        000000
__Htext20                                 text20       000000
__Htext21                                 text21       000000
__Htext22                                 text22       000000
__Htext23                                 text23       000000
__Htext24                                 text24       000000
__Htext25                                 text25       000000
__Htext26                                 text26       000000
__Htext27                                 text27       000000
__Htext28                                 text28       000000
__Htext29                                 text29       000000
__Htext3                                  text3        000000
__Htext31                                 text31       000000
__Htext32                                 text32       000000
__Htext33                                 text33       000000
__Htext34                                 text34       000000
__Htext35                                 text35       000000
__Htext36                                 text36       000000
__Htext37                                 text37       000000
__Htext4                                  text4        000000
__Htext5                                  text5        000000
__Htext6                                  text6        000000
__Htext7                                  text7        000000
__Htext8                                  text8        000000
__Htext9                                  text9        000000
__LRAM                                    (abs)        000001
__Labs1                                   abs1         000000
__Lbank0                                  bank0        000000
__Lbank1                                  bank1        000000
__Lbank10                                 bank10       000000
__Lbank11                                 bank11       000000
__Lbank12                                 bank12       000000
__Lbank13                                 bank13       000000
__Lbank14                                 bank14       000000
__Lbank15                                 bank15       000000
__Lbank2                                  bank2        000000
__Lbank3                                  bank3        000000
__Lbank4                                  bank4        000000
__Lbank5                                  bank5        000000
__Lbank6                                  bank6        000000
__Lbank7                                  bank7        000000
__Lbank8                                  bank8        000000
__Lbank9                                  bank9        000000
__Lbigbss                                 bigbss       000000
__Lbigdata                                bigdata      000000
__Lbigram                                 bigram       000000
__Lbss                                    bss          000000
__LbssCOMRAM                              bssCOMRAM    000000
__Lcinit                                  cinit        000000
__Lclrtext                                clrtext      000000
__Lcomram                                 comram       000000
__Lconfig                                 config       300000
__Lconst                                  const        000000
__LcstackCOMRAM                           cstackCOMRAM 000000
__Ldata                                   data         000000
__LdataBANK0                              dataBANK0    000000
__LdataBANK1                              dataBANK1    000000
__Leeprom_data                            eeprom_data  000000
__Lfarbss                                 farbss       000000
__Lfardata                                fardata      000000
__Libigdata                               ibigdata     000000
__Lidata                                  idata        000000
__LidataBANK0                             idataBANK0   000000
__LidataBANK1                             idataBANK1   000000
__Lidloc                                  idloc        200000
__Lifardata                               ifardata     000000
__Linit                                   init         0000AA
__Lintcode                                intcode      000008
__Lintcode_body                           intcode_body 000000
__Lintcodelo                              intcodelo    0000AA
__Lintentry                               intentry     000000
__Lintret                                 intret       000000
__Lintsave_regs                           intsave_regs 000000
__Lirdata                                 irdata       000000
__Lmediumconst                            mediumconst  000000
__LnvCOMRAM                               nvCOMRAM     000000
__LnvFARRAM                               nvFARRAM     000000
__Lnvbit                                  nvbit        000000
__Lnvrram                                 nvrram       000000
__Lparam                                  rparam       000000
__Lpowerup                                powerup      0000AA
__Lram                                    ram          000000
__Lramtop                                 ramtop       001000
__Lrbit                                   rbit         000000
__Lrbss                                   rbss         000000
__Lrdata                                  rdata        000000
__Lreset_vec                              reset_vec    000000
__Lrparam                                 rparam       000000
__Lsfr                                    sfr          000000
__Lsmallconst                             smallconst   000000
__Lspace_0                                (abs)        000000
__Lspace_1                                (abs)        000000
__Lspace_2                                (abs)        000000
__Lstack                                  stack        000000
__Lstruct                                 struct       000000
__Ltemp                                   temp         00004E
__Ltext                                   text         000000
__Ltext0                                  text0        000000
__Ltext1                                  text1        000000
__Ltext10                                 text10       000000
__Ltext11                                 text11       000000
__Ltext12                                 text12       000000
__Ltext13                                 text13       000000
__Ltext14                                 text14       000000
__Ltext15                                 text15       000000
__Ltext16                                 text16       000000
__Ltext17                                 text17       000000
__Ltext18                                 text18       000000
__Ltext19                                 text19       000000
__Ltext2                                  text2        000000
__Ltext20                                 text20       000000
__Ltext21                                 text21       000000
__Ltext22                                 text22       000000
__Ltext23                                 text23       000000
__Ltext24                                 text24       000000
__Ltext25                                 text25       000000
__Ltext26                                 text26       000000
__Ltext27                                 text27       000000
__Ltext28                                 text28       000000
__Ltext29                                 text29       000000
__Ltext3                                  text3        000000
__Ltext31                                 text31       000000
__Ltext32                                 text32       000000
__Ltext33                                 text33       000000
__Ltext34                                 text34       000000
__Ltext35                                 text35       000000
__Ltext36                                 text36       000000
__Ltext37                                 text37       000000
__Ltext4                                  text4        000000
__Ltext5                                  text5        000000
__Ltext6                                  text6        000000
__Ltext7                                  text7        000000
__Ltext8                                  text8        000000
__Ltext9                                  text9        000000
__S0                                      (abs)        30000E
__S1                                      (abs)        000140
__S2                                      (abs)        000000
___ftdiv                                  text7        0006EE
___ftdiv@cntr                             cstackCOMRAM 000020
___ftdiv@exp                              cstackCOMRAM 000024
___ftdiv@f1                               cstackCOMRAM 000017
___ftdiv@f2                               cstackCOMRAM 00001A
___ftdiv@f3                               cstackCOMRAM 000021
___ftdiv@sign                             cstackCOMRAM 000025
___ftpack                                 text8        0007D4
___ftpack@arg                             cstackCOMRAM 00000F
___ftpack@exp                             cstackCOMRAM 000012
___ftpack@sign                            cstackCOMRAM 000013
___fttol                                  text6        0005FA
___fttol@exp1                             cstackCOMRAM 00001D
___fttol@f1                               cstackCOMRAM 00000F
___fttol@lval                             cstackCOMRAM 000019
___fttol@sign1                            cstackCOMRAM 000018
___inthi_sp                               stack        000000
___intlo_sp                               stack        000000
___lwtoft                                 text5        000C5E
___lwtoft@c                               cstackCOMRAM 000017
___param_bank                             (abs)        000000
___rparam_used                            (abs)        000001
___sp                                     stack        000000
__accesstop                               (abs)        000060
__activetblptr                            (abs)        000002
__end_of_ADC_GetConversion                text9        000B84
__end_of_ADC_ISR                          text36       000DC6
__end_of_ADC_Initialize                   text29       000D4A
__end_of_CCP5_Initialize                  text28       000D74
__end_of_EPWM1_Initialize                 text27       000CCA
__end_of_EPWM1_LoadDutyValue              text13       000BE4
__end_of_EPWM2_Initialize                 text26       000CA6
__end_of_EPWM2_LoadDutyValue              text12       000BB4
__end_of_EUSART1_Initialize               text25       000D60
__end_of_EUSART1_Write                    text11       000D8E
__end_of_INTERRUPT_Initialize             text24       000DC2
__end_of_INTERRUPT_InterruptManager       intcode      0000AA
__end_of_OSCILLATOR_Initialize            text23       000D82
__end_of_PIN_MANAGER_Initialize           text22       000B14
__end_of_SYSTEM_Initialize                text15       000C0E
__end_of_State16MEF_act                   text10       0005FA
__end_of_State8MEF_act                    text2        000400
__end_of_StateMEF_ini                     text14       000D98
__end_of_StepMove                         text1        000AC8
__end_of_TMR2_CallBack                    text34       000CEE
__end_of_TMR2_DefaultInterruptHandler     text35       000DCA
__end_of_TMR2_ISR                         text33       000DB4
__end_of_TMR2_Initialize                  text19       000D10
__end_of_TMR2_SetInterruptHandler         text21       000DAC
__end_of_TMR2_StartTimer                  text20       000DBE
__end_of_TMR6_DefaultInterruptHandler     text32       000DC8
__end_of_TMR6_ISR                         text31       000D32
__end_of_TMR6_Initialize                  text16       000C5E
__end_of_TMR6_SetInterruptHandler         text18       000DA2
__end_of_TMR6_StartTimer                  text17       000DBA
__end_of___ftdiv                          text7        0007D4
__end_of___ftpack                         text8        000882
__end_of___fttol                          text6        0006EE
__end_of___lwtoft                         text5        000C82
__end_of__initialization                  cinit        000A6C
__end_of_controlador1                     text4        0009A0
__end_of_controlador2                     text3        00091C
__end_of_main                             text0        000C36
__initialization                          cinit        000A20
__mediumconst                             mediumconst  000000
__pbssCOMRAM                              bssCOMRAM    00003E
__pcinit                                  cinit        000A20
__pcstackCOMRAM                           cstackCOMRAM 000001
__pdataBANK0                              dataBANK0    000060
__pdataBANK1                              dataBANK1    000100
__pidataBANK0                             idataBANK0   0009A0
__pidataBANK1                             idataBANK1   000B14
__pintcode                                intcode      000008
__pnvCOMRAM                               nvCOMRAM     000049
__ptext0                                  text0        000C0E
__ptext1                                  text1        000A7A
__ptext10                                 text10       000400
__ptext11                                 text11       000D82
__ptext12                                 text12       000B84
__ptext13                                 text13       000BB4
__ptext14                                 text14       000D8E
__ptext15                                 text15       000BE4
__ptext16                                 text16       000C36
__ptext17                                 text17       000DB4
__ptext18                                 text18       000D98
__ptext19                                 text19       000CEE
__ptext2                                  text2        0000AE
__ptext20                                 text20       000DBA
__ptext21                                 text21       000DA2
__ptext22                                 text22       000AC8
__ptext23                                 text23       000D74
__ptext24                                 text24       000DBE
__ptext25                                 text25       000D4A
__ptext26                                 text26       000C82
__ptext27                                 text27       000CA6
__ptext28                                 text28       000D60
__ptext29                                 text29       000D32
__ptext3                                  text3        000882
__ptext31                                 text31       000D10
__ptext32                                 text32       000DC6
__ptext33                                 text33       000DAC
__ptext34                                 text34       000CCA
__ptext35                                 text35       000DC8
__ptext36                                 text36       000DC2
__ptext37                                 text37       000000
__ptext4                                  text4        00091C
__ptext5                                  text5        000C5E
__ptext6                                  text6        0005FA
__ptext7                                  text7        0006EE
__ptext8                                  text8        0007D4
__ptext9                                  text9        000B54
__ramtop                                  ramtop       001000
__size_of_ADC_GetConversion               (abs)        000000
__size_of_ADC_ISR                         (abs)        000000
__size_of_ADC_Initialize                  (abs)        000000
__size_of_CCP5_Initialize                 (abs)        000000
__size_of_EPWM1_Initialize                (abs)        000000
__size_of_EPWM1_LoadDutyValue             (abs)        000000
__size_of_EPWM2_Initialize                (abs)        000000
__size_of_EPWM2_LoadDutyValue             (abs)        000000
__size_of_EUSART1_Initialize              (abs)        000000
__size_of_EUSART1_Write                   (abs)        000000
__size_of_INTERRUPT_Initialize            (abs)        000000
__size_of_INTERRUPT_InterruptManager      (abs)        000000
__size_of_OSCILLATOR_Initialize           (abs)        000000
__size_of_PIN_MANAGER_Initialize          (abs)        000000
__size_of_SYSTEM_Initialize               (abs)        000000
__size_of_State16MEF_act                  (abs)        000000
__size_of_State8MEF_act                   (abs)        000000
__size_of_StateMEF_ini                    (abs)        000000
__size_of_StepMove                        (abs)        000000
__size_of_TMR2_CallBack                   (abs)        000000
__size_of_TMR2_DefaultInterruptHandler    (abs)        000000
__size_of_TMR2_ISR                        (abs)        000000
__size_of_TMR2_Initialize                 (abs)        000000
__size_of_TMR2_SetInterruptHandler        (abs)        000000
__size_of_TMR2_StartTimer                 (abs)        000000
__size_of_TMR6_DefaultInterruptHandler    (abs)        000000
__size_of_TMR6_ISR                        (abs)        000000
__size_of_TMR6_Initialize                 (abs)        000000
__size_of_TMR6_SetInterruptHandler        (abs)        000000
__size_of_TMR6_StartTimer                 (abs)        000000
__size_of___ftdiv                         (abs)        000000
__size_of___ftpack                        (abs)        000000
__size_of___fttol                         (abs)        000000
__size_of___lwtoft                        (abs)        000000
__size_of_controlador1                    (abs)        000000
__size_of_controlador2                    (abs)        000000
__size_of_main                            (abs)        000000
__smallconst                              smallconst   000000
_controlador1                             text4        00091C
_controlador2                             text3        000882
_main                                     text0        000C0E
btemp                                     temp         00004E
controlador1@An_Acquisition               cstackCOMRAM 000026
controlador1@An_float                     cstackCOMRAM 00002C
controlador1@LookUp                       cstackCOMRAM 000031
controlador1@Vref                         cstackCOMRAM 000029
controlador1@error                        cstackCOMRAM 000030
controlador1@output                       cstackCOMRAM 00002F
controlador2@An_Acquisition               cstackCOMRAM 000026
controlador2@An_float                     cstackCOMRAM 000029
controlador2@LookUp                       cstackCOMRAM 000031
controlador2@Vref                         cstackCOMRAM 00002D
controlador2@error                        cstackCOMRAM 000030
controlador2@output                       cstackCOMRAM 00002C
end_of_initialization                     cinit        000A6C
int$flags                                 temp         00004E
intlevel0                                 text         000000
intlevel1                                 text         000000
intlevel2                                 text         000000
intlevel3                                 text         000000
stackhi                                   (abs)        000F37
stacklo                                   (abs)        000140
start                                     init         0000AA
start_initialization                      cinit        000A20


FUNCTION INFORMATION:

 *************** function _main *****************
 Defined at:
		line 21 in file "main.c"
 Parameters:    Size  Location     Type
		None
 Auto vars:     Size  Location     Type
		None
 Return value:  Size  Location     Type
                  1    wreg      void 
 Registers used:
		wreg, fsr2l, fsr2h, status,2, status,0, prodl, prodh, cstack
 Tracked objects:
		On entry : 
		On exit  : 
		Unchanged: 
 Data sizes:     COMRAM   BANK0   BANK1   BANK2   BANK3   BANK4   BANK5   BANK6   BANK7   BANK8   BANK9  BANK10  BANK11  BANK12  BANK13  BANK14  BANK15
      Params:         0       0       0       0       0       0       0       0       0       0       0       0       0       0       0       0       0
      Locals:         0       0       0       0       0       0       0       0       0       0       0       0       0       0       0       0       0
      Temps:          0       0       0       0       0       0       0       0       0       0       0       0       0       0       0       0       0
      Totals:         0       0       0       0       0       0       0       0       0       0       0       0       0       0       0       0       0
Total ram usage:        0 bytes
 Hardware stack levels required when called:    9
 This function calls:
		_SYSTEM_Initialize
		_StateMEF_ini
		_StepMove
 This function is called by:
		Startup code after reset
 This function uses a non-reentrant model


 *************** function _StepMove *****************
 Defined at:
		line 211 in file "MotorDriver.c"
 Parameters:    Size  Location     Type
  StepNumber      2   55[COMRAM] unsigned int 
  Velocidad       1   57[COMRAM] unsigned char 
  microstep_nu    1   58[COMRAM] unsigned char 
 Auto vars:     Size  Location     Type
		None
 Return value:  Size  Location     Type
                  1    wreg      void 
 Registers used:
		wreg, fsr2l, fsr2h, status,2, status,0, prodl, prodh, cstack
 Tracked objects:
		On entry : 
		On exit  : 
		Unchanged: 
 Data sizes:     COMRAM   BANK0   BANK1   BANK2   BANK3   BANK4   BANK5   BANK6   BANK7   BANK8   BANK9  BANK10  BANK11  BANK12  BANK13  BANK14  BANK15
      Params:         4       0       0       0       0       0       0       0       0       0       0       0       0       0       0       0       0
      Locals:         0       0       0       0       0       0       0       0       0       0       0       0       0       0       0       0       0
      Temps:          2       0       0       0       0       0       0       0       0       0       0       0       0       0       0       0       0
      Totals:         6       0       0       0       0       0       0       0       0       0       0       0       0       0       0       0       0
Total ram usage:        6 bytes
 Hardware stack levels used:    1
 Hardware stack levels required when called:    8
 This function calls:
		_State16MEF_act
		_State8MEF_act
 This function is called by:
		_main
 This function uses a non-reentrant model


 *************** function _State8MEF_act *****************
 Defined at:
		line 38 in file "MotorDriver.c"
 Parameters:    Size  Location     Type
		None
 Auto vars:     Size  Location     Type
  ANALOG_1        2   51[COMRAM] unsigned int 
  ANALOG_0        2   49[COMRAM] unsigned int 
  PWM2            1   54[COMRAM] unsigned char 
  PWM1            1   53[COMRAM] unsigned char 
 Return value:  Size  Location     Type
                  1    wreg      void 
 Registers used:
		wreg, fsr2l, fsr2h, status,2, status,0, prodl, prodh, cstack
 Tracked objects:
		On entry : 
		On exit  : 
		Unchanged: 
 Data sizes:     COMRAM   BANK0   BANK1   BANK2   BANK3   BANK4   BANK5   BANK6   BANK7   BANK8   BANK9  BANK10  BANK11  BANK12  BANK13  BANK14  BANK15
      Params:         0       0       0       0       0       0       0       0       0       0       0       0       0       0       0       0       0
      Locals:         6       0       0       0       0       0       0       0       0       0       0       0       0       0       0       0       0
      Temps:          0       0       0       0       0       0       0       0       0       0       0       0       0       0       0       0       0
      Totals:         6       0       0       0       0       0       0       0       0       0       0       0       0       0       0       0       0
Total ram usage:        6 bytes
 Hardware stack levels used:    1
 Hardware stack levels required when called:    7
 This function calls:
		_ADC_GetConversion
		_EPWM1_LoadDutyValue
		_EPWM2_LoadDutyValue
		_controlador1
		_controlador2
 This function is called by:
		_StepMove
 This function uses a non-reentrant model


 *************** function _controlador2 *****************
 Defined at:
		line 254 in file "MotorDriver.c"
 Parameters:    Size  Location     Type
  LookUp          1    wreg     unsigned char 
  An_Acquisiti    2   37[COMRAM] unsigned int 
 Auto vars:     Size  Location     Type
  LookUp          1   48[COMRAM] unsigned char 
  Vref            3   44[COMRAM] float 
  An_float        3   40[COMRAM] float 
  error           1   47[COMRAM] char 
  output          1   43[COMRAM] char 
 Return value:  Size  Location     Type
                  1    wreg      unsigned char 
 Registers used:
		wreg, status,2, status,0, cstack
 Tracked objects:
		On entry : 
		On exit  : 
		Unchanged: 
 Data sizes:     COMRAM   BANK0   BANK1   BANK2   BANK3   BANK4   BANK5   BANK6   BANK7   BANK8   BANK9  BANK10  BANK11  BANK12  BANK13  BANK14  BANK15
      Params:         2       0       0       0       0       0       0       0       0       0       0       0       0       0       0       0       0
      Locals:         9       0       0       0       0       0       0       0       0       0       0       0       0       0       0       0       0
      Temps:          1       0       0       0       0       0       0       0       0       0       0       0       0       0       0       0       0
      Totals:        12       0       0       0       0       0       0       0       0       0       0       0       0       0       0       0       0
Total ram usage:       12 bytes
 Hardware stack levels used:    1
 Hardware stack levels required when called:    6
 This function calls:
		_EUSART1_Write
		___ftdiv
		___fttol
		___lwtoft
 This function is called by:
		_State8MEF_act
 This function uses a non-reentrant model


 *************** function _controlador1 *****************
 Defined at:
		line 233 in file "MotorDriver.c"
 Parameters:    Size  Location     Type
  LookUp          1    wreg     unsigned char 
  An_Acquisiti    2   37[COMRAM] unsigned int 
 Auto vars:     Size  Location     Type
  LookUp          1   48[COMRAM] unsigned char 
  An_float        3   43[COMRAM] float 
  Vref            3   40[COMRAM] float 
  error           1   47[COMRAM] char 
  output          1   46[COMRAM] char 
 Return value:  Size  Location     Type
                  1    wreg      unsigned char 
 Registers used:
		wreg, status,2, status,0, cstack
 Tracked objects:
		On entry : 
		On exit  : 
		Unchanged: 
 Data sizes:     COMRAM   BANK0   BANK1   BANK2   BANK3   BANK4   BANK5   BANK6   BANK7   BANK8   BANK9  BANK10  BANK11  BANK12  BANK13  BANK14  BANK15
      Params:         2       0       0       0       0       0       0       0       0       0       0       0       0       0       0       0       0
      Locals:         9       0       0       0       0       0       0       0       0       0       0       0       0       0       0       0       0
      Temps:          1       0       0       0       0       0       0       0       0       0       0       0       0       0       0       0       0
      Totals:        12       0       0       0       0       0       0       0       0       0       0       0       0       0       0       0       0
Total ram usage:       12 bytes
 Hardware stack levels used:    1
 Hardware stack levels required when called:    6
 This function calls:
		___ftdiv
		___fttol
		___lwtoft
 This function is called by:
		_State8MEF_act
 This function uses a non-reentrant model


 *************** function ___lwtoft *****************
 Defined at:
		line 28 in file "C:\Program Files\Microchip\xc8\v1.41\sources\common\lwtoft.c"
 Parameters:    Size  Location     Type
  c               2   22[COMRAM] unsigned int 
 Auto vars:     Size  Location     Type
		None
 Return value:  Size  Location     Type
                  3   22[COMRAM] float 
 Registers used:
		wreg, status,2, status,0, cstack
 Tracked objects:
		On entry : 
		On exit  : 
		Unchanged: 
 Data sizes:     COMRAM   BANK0   BANK1   BANK2   BANK3   BANK4   BANK5   BANK6   BANK7   BANK8   BANK9  BANK10  BANK11  BANK12  BANK13  BANK14  BANK15
      Params:         3       0       0       0       0       0       0       0       0       0       0       0       0       0       0       0       0
      Locals:         0       0       0       0       0       0       0       0       0       0       0       0       0       0       0       0       0
      Temps:          0       0       0       0       0       0       0       0       0       0       0       0       0       0       0       0       0
      Totals:         3       0       0       0       0       0       0       0       0       0       0       0       0       0       0       0       0
Total ram usage:        3 bytes
 Hardware stack levels used:    1
 Hardware stack levels required when called:    5
 This function calls:
		___ftpack
 This function is called by:
		_controlador1
		_controlador2
 This function uses a non-reentrant model


 *************** function ___fttol *****************
 Defined at:
		line 44 in file "C:\Program Files\Microchip\xc8\v1.41\sources\common\fttol.c"
 Parameters:    Size  Location     Type
  f1              3   14[COMRAM] float 
 Auto vars:     Size  Location     Type
  lval            4   24[COMRAM] unsigned long 
  exp1            1   28[COMRAM] unsigned char 
  sign1           1   23[COMRAM] unsigned char 
 Return value:  Size  Location     Type
                  4   14[COMRAM] long 
 Registers used:
		wreg, status,2, status,0
 Tracked objects:
		On entry : 
		On exit  : 
		Unchanged: 
 Data sizes:     COMRAM   BANK0   BANK1   BANK2   BANK3   BANK4   BANK5   BANK6   BANK7   BANK8   BANK9  BANK10  BANK11  BANK12  BANK13  BANK14  BANK15
      Params:         4       0       0       0       0       0       0       0       0       0       0       0       0       0       0       0       0
      Locals:         6       0       0       0       0       0       0       0       0       0       0       0       0       0       0       0       0
      Temps:          5       0       0       0       0       0       0       0       0       0       0       0       0       0       0       0       0
      Totals:        15       0       0       0       0       0       0       0       0       0       0       0       0       0       0       0       0
Total ram usage:       15 bytes
 Hardware stack levels used:    1
 Hardware stack levels required when called:    4
 This function calls:
		Nothing
 This function is called by:
		_controlador1
		_controlador2
 This function uses a non-reentrant model


 *************** function ___ftdiv *****************
 Defined at:
		line 54 in file "C:\Program Files\Microchip\xc8\v1.41\sources\common\ftdiv.c"
 Parameters:    Size  Location     Type
  f1              3   22[COMRAM] float 
  f2              3   25[COMRAM] float 
 Auto vars:     Size  Location     Type
  f3              3   32[COMRAM] float 
  sign            1   36[COMRAM] unsigned char 
  exp             1   35[COMRAM] unsigned char 
  cntr            1   31[COMRAM] unsigned char 
 Return value:  Size  Location     Type
                  3   22[COMRAM] float 
 Registers used:
		wreg, status,2, status,0, cstack
 Tracked objects:
		On entry : 
		On exit  : 
		Unchanged: 
 Data sizes:     COMRAM   BANK0   BANK1   BANK2   BANK3   BANK4   BANK5   BANK6   BANK7   BANK8   BANK9  BANK10  BANK11  BANK12  BANK13  BANK14  BANK15
      Params:         6       0       0       0       0       0       0       0       0       0       0       0       0       0       0       0       0
      Locals:         6       0       0       0       0       0       0       0       0       0       0       0       0       0       0       0       0
      Temps:          3       0       0       0       0       0       0       0       0       0       0       0       0       0       0       0       0
      Totals:        15       0       0       0       0       0       0       0       0       0       0       0       0       0       0       0       0
Total ram usage:       15 bytes
 Hardware stack levels used:    1
 Hardware stack levels required when called:    5
 This function calls:
		___ftpack
 This function is called by:
		_controlador1
		_controlador2
 This function uses a non-reentrant model


 *************** function ___ftpack *****************
 Defined at:
		line 62 in file "C:\Program Files\Microchip\xc8\v1.41\sources\common\float.c"
 Parameters:    Size  Location     Type
  arg             3   14[COMRAM] unsigned um
  exp             1   17[COMRAM] unsigned char 
  sign            1   18[COMRAM] unsigned char 
 Auto vars:     Size  Location     Type
		None
 Return value:  Size  Location     Type
                  3   14[COMRAM] float 
 Registers used:
		wreg, status,2, status,0
 Tracked objects:
		On entry : 
		On exit  : 
		Unchanged: 
 Data sizes:     COMRAM   BANK0   BANK1   BANK2   BANK3   BANK4   BANK5   BANK6   BANK7   BANK8   BANK9  BANK10  BANK11  BANK12  BANK13  BANK14  BANK15
      Params:         5       0       0       0       0       0       0       0       0       0       0       0       0       0       0       0       0
      Locals:         0       0       0       0       0       0       0       0       0       0       0       0       0       0       0       0       0
      Temps:          3       0       0       0       0       0       0       0       0       0       0       0       0       0       0       0       0
      Totals:         8       0       0       0       0       0       0       0       0       0       0       0       0       0       0       0       0
Total ram usage:        8 bytes
 Hardware stack levels used:    1
 Hardware stack levels required when called:    4
 This function calls:
		Nothing
 This function is called by:
		___ftdiv
		___lwtoft
 This function uses a non-reentrant model


 *************** function _ADC_GetConversion *****************
 Defined at:
		line 111 in file "mcc_generated_files/adc.c"
 Parameters:    Size  Location     Type
  channel         1    wreg     enum E6986
 Auto vars:     Size  Location     Type
  channel         1   18[COMRAM] enum E6986
 Return value:  Size  Location     Type
                  2   14[COMRAM] unsigned int 
 Registers used:
		wreg, status,2, status,0
 Tracked objects:
		On entry : 
		On exit  : 
		Unchanged: 
 Data sizes:     COMRAM   BANK0   BANK1   BANK2   BANK3   BANK4   BANK5   BANK6   BANK7   BANK8   BANK9  BANK10  BANK11  BANK12  BANK13  BANK14  BANK15
      Params:         2       0       0       0       0       0       0       0       0       0       0       0       0       0       0       0       0
      Locals:         1       0       0       0       0       0       0       0       0       0       0       0       0       0       0       0       0
      Temps:          2       0       0       0       0       0       0       0       0       0       0       0       0       0       0       0       0
      Totals:         5       0       0       0       0       0       0       0       0       0       0       0       0       0       0       0       0
Total ram usage:        5 bytes
 Hardware stack levels used:    1
 Hardware stack levels required when called:    4
 This function calls:
		Nothing
 This function is called by:
		_State8MEF_act
 This function uses a non-reentrant model


 *************** function _State16MEF_act *****************
 Defined at:
		line 145 in file "MotorDriver.c"
 Parameters:    Size  Location     Type
		None
 Auto vars:     Size  Location     Type
		None
 Return value:  Size  Location     Type
                  1    wreg      void 
 Registers used:
		wreg, fsr2l, fsr2h, status,2, status,0, prodl, prodh, cstack
 Tracked objects:
		On entry : 
		On exit  : 
		Unchanged: 
 Data sizes:     COMRAM   BANK0   BANK1   BANK2   BANK3   BANK4   BANK5   BANK6   BANK7   BANK8   BANK9  BANK10  BANK11  BANK12  BANK13  BANK14  BANK15
      Params:         0       0       0       0       0       0       0       0       0       0       0       0       0       0       0       0       0
      Locals:         0       0       0       0       0       0       0       0       0       0       0       0       0       0       0       0       0
      Temps:          1       0       0       0       0       0       0       0       0       0       0       0       0       0       0       0       0
      Totals:         1       0       0       0       0       0       0       0       0       0       0       0       0       0       0       0       0
Total ram usage:        1 bytes
 Hardware stack levels used:    1
 Hardware stack levels required when called:    5
 This function calls:
		_EPWM1_LoadDutyValue
		_EPWM2_LoadDutyValue
		_EUSART1_Write
 This function is called by:
		_StepMove
 This function uses a non-reentrant model


 *************** function _EUSART1_Write *****************
 Defined at:
		line 96 in file "mcc_generated_files/eusart1.c"
 Parameters:    Size  Location     Type
  txData          1    wreg     unsigned char 
 Auto vars:     Size  Location     Type
  txData          1   14[COMRAM] unsigned char 
 Return value:  Size  Location     Type
                  1    wreg      void 
 Registers used:
		wreg
 Tracked objects:
		On entry : 
		On exit  : 
		Unchanged: 
 Data sizes:     COMRAM   BANK0   BANK1   BANK2   BANK3   BANK4   BANK5   BANK6   BANK7   BANK8   BANK9  BANK10  BANK11  BANK12  BANK13  BANK14  BANK15
      Params:         0       0       0       0       0       0       0       0       0       0       0       0       0       0       0       0       0
      Locals:         1       0       0       0       0       0       0       0       0       0       0       0       0       0       0       0       0
      Temps:          0       0       0       0       0       0       0       0       0       0       0       0       0       0       0       0       0
      Totals:         1       0       0       0       0       0       0       0       0       0       0       0       0       0       0       0       0
Total ram usage:        1 bytes
 Hardware stack levels used:    1
 Hardware stack levels required when called:    4
 This function calls:
		Nothing
 This function is called by:
		_State16MEF_act
		_controlador2
		_ADC_Conversion
 This function uses a non-reentrant model


 *************** function _EPWM2_LoadDutyValue *****************
 Defined at:
		line 90 in file "mcc_generated_files/epwm2.c"
 Parameters:    Size  Location     Type
  dutyValue       2   14[COMRAM] unsigned int 
 Auto vars:     Size  Location     Type
		None
 Return value:  Size  Location     Type
                  1    wreg      void 
 Registers used:
		wreg, status,2, status,0
 Tracked objects:
		On entry : 
		On exit  : 
		Unchanged: 
 Data sizes:     COMRAM   BANK0   BANK1   BANK2   BANK3   BANK4   BANK5   BANK6   BANK7   BANK8   BANK9  BANK10  BANK11  BANK12  BANK13  BANK14  BANK15
      Params:         2       0       0       0       0       0       0       0       0       0       0       0       0       0       0       0       0
      Locals:         0       0       0       0       0       0       0       0       0       0       0       0       0       0       0       0       0
      Temps:          2       0       0       0       0       0       0       0       0       0       0       0       0       0       0       0       0
      Totals:         4       0       0       0       0       0       0       0       0       0       0       0       0       0       0       0       0
Total ram usage:        4 bytes
 Hardware stack levels used:    1
 Hardware stack levels required when called:    4
 This function calls:
		Nothing
 This function is called by:
		_State8MEF_act
		_State16MEF_act
 This function uses a non-reentrant model


 *************** function _EPWM1_LoadDutyValue *****************
 Defined at:
		line 90 in file "mcc_generated_files/epwm1.c"
 Parameters:    Size  Location     Type
  dutyValue       2   14[COMRAM] unsigned int 
 Auto vars:     Size  Location     Type
		None
 Return value:  Size  Location     Type
                  1    wreg      void 
 Registers used:
		wreg, status,2, status,0
 Tracked objects:
		On entry : 
		On exit  : 
		Unchanged: 
 Data sizes:     COMRAM   BANK0   BANK1   BANK2   BANK3   BANK4   BANK5   BANK6   BANK7   BANK8   BANK9  BANK10  BANK11  BANK12  BANK13  BANK14  BANK15
      Params:         2       0       0       0       0       0       0       0       0       0       0       0       0       0       0       0       0
      Locals:         0       0       0       0       0       0       0       0       0       0       0       0       0       0       0       0       0
      Temps:          2       0       0       0       0       0       0       0       0       0       0       0       0       0       0       0       0
      Totals:         4       0       0       0       0       0       0       0       0       0       0       0       0       0       0       0       0
Total ram usage:        4 bytes
 Hardware stack levels used:    1
 Hardware stack levels required when called:    4
 This function calls:
		Nothing
 This function is called by:
		_State8MEF_act
		_State16MEF_act
 This function uses a non-reentrant model


 *************** function _StateMEF_ini *****************
 Defined at:
		line 33 in file "MotorDriver.c"
 Parameters:    Size  Location     Type
		None
 Auto vars:     Size  Location     Type
		None
 Return value:  Size  Location     Type
                  1    wreg      void 
 Registers used:
		wreg, status,2
 Tracked objects:
		On entry : 
		On exit  : 
		Unchanged: 
 Data sizes:     COMRAM   BANK0   BANK1   BANK2   BANK3   BANK4   BANK5   BANK6   BANK7   BANK8   BANK9  BANK10  BANK11  BANK12  BANK13  BANK14  BANK15
      Params:         0       0       0       0       0       0       0       0       0       0       0       0       0       0       0       0       0
      Locals:         0       0       0       0       0       0       0       0       0       0       0       0       0       0       0       0       0
      Temps:          0       0       0       0       0       0       0       0       0       0       0       0       0       0       0       0       0
      Totals:         0       0       0       0       0       0       0       0       0       0       0       0       0       0       0       0       0
Total ram usage:        0 bytes
 Hardware stack levels used:    1
 Hardware stack levels required when called:    4
 This function calls:
		Nothing
 This function is called by:
		_main
 This function uses a non-reentrant model


 *************** function _SYSTEM_Initialize *****************
 Defined at:
		line 111 in file "mcc_generated_files/mcc.c"
 Parameters:    Size  Location     Type
		None
 Auto vars:     Size  Location     Type
		None
 Return value:  Size  Location     Type
                  1    wreg      void 
 Registers used:
		wreg, status,2, status,0, cstack
 Tracked objects:
		On entry : 
		On exit  : 
		Unchanged: 
 Data sizes:     COMRAM   BANK0   BANK1   BANK2   BANK3   BANK4   BANK5   BANK6   BANK7   BANK8   BANK9  BANK10  BANK11  BANK12  BANK13  BANK14  BANK15
      Params:         0       0       0       0       0       0       0       0       0       0       0       0       0       0       0       0       0
      Locals:         0       0       0       0       0       0       0       0       0       0       0       0       0       0       0       0       0
      Temps:          0       0       0       0       0       0       0       0       0       0       0       0       0       0       0       0       0
      Totals:         0       0       0       0       0       0       0       0       0       0       0       0       0       0       0       0       0
Total ram usage:        0 bytes
 Hardware stack levels used:    1
 Hardware stack levels required when called:    6
 This function calls:
		_ADC_Initialize
		_CCP5_Initialize
		_EPWM1_Initialize
		_EPWM2_Initialize
		_EUSART1_Initialize
		_INTERRUPT_Initialize
		_OSCILLATOR_Initialize
		_PIN_MANAGER_Initialize
		_TMR2_Initialize
		_TMR6_Initialize
 This function is called by:
		_main
 This function uses a non-reentrant model


 *************** function _TMR6_Initialize *****************
 Defined at:
		line 63 in file "mcc_generated_files/tmr6.c"
 Parameters:    Size  Location     Type
		None
 Auto vars:     Size  Location     Type
		None
 Return value:  Size  Location     Type
                  1    wreg      void 
 Registers used:
		wreg, status,2, status,0, cstack
 Tracked objects:
		On entry : 
		On exit  : 
		Unchanged: 
 Data sizes:     COMRAM   BANK0   BANK1   BANK2   BANK3   BANK4   BANK5   BANK6   BANK7   BANK8   BANK9  BANK10  BANK11  BANK12  BANK13  BANK14  BANK15
      Params:         0       0       0       0       0       0       0       0       0       0       0       0       0       0       0       0       0
      Locals:         0       0       0       0       0       0       0       0       0       0       0       0       0       0       0       0       0
      Temps:          0       0       0       0       0       0       0       0       0       0       0       0       0       0       0       0       0
      Totals:         0       0       0       0       0       0       0       0       0       0       0       0       0       0       0       0       0
Total ram usage:        0 bytes
 Hardware stack levels used:    1
 Hardware stack levels required when called:    5
 This function calls:
		_TMR6_SetInterruptHandler
		_TMR6_StartTimer
 This function is called by:
		_SYSTEM_Initialize
 This function uses a non-reentrant model


 *************** function _TMR6_StartTimer *****************
 Defined at:
		line 89 in file "mcc_generated_files/tmr6.c"
 Parameters:    Size  Location     Type
		None
 Auto vars:     Size  Location     Type
		None
 Return value:  Size  Location     Type
                  1    wreg      void 
 Registers used:
		None
 Tracked objects:
		On entry : 
		On exit  : 
		Unchanged: 
 Data sizes:     COMRAM   BANK0   BANK1   BANK2   BANK3   BANK4   BANK5   BANK6   BANK7   BANK8   BANK9  BANK10  BANK11  BANK12  BANK13  BANK14  BANK15
      Params:         0       0       0       0       0       0       0       0       0       0       0       0       0       0       0       0       0
      Locals:         0       0       0       0       0       0       0       0       0       0       0       0       0       0       0       0       0
      Temps:          0       0       0       0       0       0       0       0       0       0       0       0       0       0       0       0       0
      Totals:         0       0       0       0       0       0       0       0       0       0       0       0       0       0       0       0       0
Total ram usage:        0 bytes
 Hardware stack levels used:    1
 Hardware stack levels required when called:    4
 This function calls:
		Nothing
 This function is called by:
		_TMR6_Initialize
 This function uses a non-reentrant model


 *************** function _TMR6_SetInterruptHandler *****************
 Defined at:
		line 134 in file "mcc_generated_files/tmr6.c"
 Parameters:    Size  Location     Type
  InterruptHan    2   14[COMRAM] PTR void 
		 -> TMR6_DefaultInterruptHandler(1), 
 Auto vars:     Size  Location     Type
		None
 Return value:  Size  Location     Type
                  1    wreg      void 
 Registers used:
		wreg, status,2, status,0
 Tracked objects:
		On entry : 
		On exit  : 
		Unchanged: 
 Data sizes:     COMRAM   BANK0   BANK1   BANK2   BANK3   BANK4   BANK5   BANK6   BANK7   BANK8   BANK9  BANK10  BANK11  BANK12  BANK13  BANK14  BANK15
      Params:         2       0       0       0       0       0       0       0       0       0       0       0       0       0       0       0       0
      Locals:         0       0       0       0       0       0       0       0       0       0       0       0       0       0       0       0       0
      Temps:          0       0       0       0       0       0       0       0       0       0       0       0       0       0       0       0       0
      Totals:         2       0       0       0       0       0       0       0       0       0       0       0       0       0       0       0       0
Total ram usage:        2 bytes
 Hardware stack levels used:    1
 Hardware stack levels required when called:    4
 This function calls:
		Nothing
 This function is called by:
		_TMR6_Initialize
 This function uses a non-reentrant model


 *************** function _TMR2_Initialize *****************
 Defined at:
		line 64 in file "mcc_generated_files/tmr2.c"
 Parameters:    Size  Location     Type
		None
 Auto vars:     Size  Location     Type
		None
 Return value:  Size  Location     Type
                  1    wreg      void 
 Registers used:
		wreg, status,2, status,0, cstack
 Tracked objects:
		On entry : 
		On exit  : 
		Unchanged: 
 Data sizes:     COMRAM   BANK0   BANK1   BANK2   BANK3   BANK4   BANK5   BANK6   BANK7   BANK8   BANK9  BANK10  BANK11  BANK12  BANK13  BANK14  BANK15
      Params:         0       0       0       0       0       0       0       0       0       0       0       0       0       0       0       0       0
      Locals:         0       0       0       0       0       0       0       0       0       0       0       0       0       0       0       0       0
      Temps:          0       0       0       0       0       0       0       0       0       0       0       0       0       0       0       0       0
      Totals:         0       0       0       0       0       0       0       0       0       0       0       0       0       0       0       0       0
Total ram usage:        0 bytes
 Hardware stack levels used:    1
 Hardware stack levels required when called:    5
 This function calls:
		_TMR2_SetInterruptHandler
		_TMR2_StartTimer
 This function is called by:
		_SYSTEM_Initialize
 This function uses a non-reentrant model


[...]
		wreg, status,2
 Tracked objects:
		On entry : 
		On exit  : 
		Unchanged: 
 Data sizes:     COMRAM   BANK0   BANK1   BANK2   BANK3   BANK4   BANK5   BANK6   BANK7   BANK8   BANK9  BANK10  BANK11  BANK12  BANK13  BANK14  BANK15
      Params:         0       0       0       0       0       0       0       0       0       0       0       0       0       0       0       0       0
      Locals:         0       0       0       0       0       0       0       0       0       0       0       0       0       0       0       0       0
      Temps:          0       0       0       0       0       0       0       0       0       0       0       0       0       0       0       0       0
      Totals:         0       0       0       0       0       0       0       0       0       0       0       0       0       0       0       0       0
Total ram usage:        0 bytes
 Hardware stack levels used:    1
 Hardware stack levels required when called:    4
 This function calls:
		Nothing
 This function is called by:
		_SYSTEM_Initialize
 This function uses a non-reentrant model


 *************** function _EPWM2_Initialize *****************
 Defined at:
		line 63 in file "mcc_generated_files/epwm2.c"
 Parameters:    Size  Location     Type
		None
 Auto vars:     Size  Location     Type
		None
 Return value:  Size  Location     Type
                  1    wreg      void 
 Registers used:
		wreg, status,2
 Tracked objects:
		On entry : 
		On exit  : 
		Unchanged: 
 Data sizes:     COMRAM   BANK0   BANK1   BANK2   BANK3   BANK4   BANK5   BANK6   BANK7   BANK8   BANK9  BANK10  BANK11  BANK12  BANK13  BANK14  BANK15
      Params:         0       0       0       0       0       0       0       0       0       0       0       0       0       0       0       0       0
      Locals:         0       0       0       0       0       0       0       0       0       0       0       0       0       0       0       0       0
      Temps:          0       0       0       0       0       0       0       0       0       0       0       0       0       0       0       0       0
      Totals:         0       0       0       0       0       0       0       0       0       0       0       0       0       0       0       0       0
Total ram usage:        0 bytes
 Hardware stack levels used:    1
 Hardware stack levels required when called:    4
 This function calls:
		Nothing
 This function is called by:
		_SYSTEM_Initialize
 This function uses a non-reentrant model


 *************** function _EPWM1_Initialize *****************
 Defined at:
		line 63 in file "mcc_generated_files/epwm1.c"
 Parameters:    Size  Location     Type
		None
 Auto vars:     Size  Location     Type
		None
 Return value:  Size  Location     Type
                  1    wreg      void 
 Registers used:
		wreg, status,2
 Tracked objects:
		On entry : 
		On exit  : 
		Unchanged: 
 Data sizes:     COMRAM   BANK0   BANK1   BANK2   BANK3   BANK4   BANK5   BANK6   BANK7   BANK8   BANK9  BANK10  BANK11  BANK12  BANK13  BANK14  BANK15
      Params:         0       0       0       0       0       0       0       0       0       0       0       0       0       0       0       0       0
      Locals:         0       0       0       0       0       0       0       0       0       0       0       0       0       0       0       0       0
      Temps:          0       0       0       0       0       0       0       0       0       0       0       0       0       0       0       0       0
      Totals:         0       0       0       0       0       0       0       0       0       0       0       0       0       0       0       0       0
Total ram usage:        0 bytes
 Hardware stack levels used:    1
 Hardware stack levels required when called:    4
 This function calls:
		Nothing
 This function is called by:
		_SYSTEM_Initialize
 This function uses a non-reentrant model


 *************** function _CCP5_Initialize *****************
 Defined at:
		line 57 in file "mcc_generated_files/ccp5.c"
 Parameters:    Size  Location     Type
		None
 Auto vars:     Size  Location     Type
		None
 Return value:  Size  Location     Type
                  1    wreg      void 
 Registers used:
		wreg, status,2
 Tracked objects:
		On entry : 
		On exit  : 
		Unchanged: 
 Data sizes:     COMRAM   BANK0   BANK1   BANK2   BANK3   BANK4   BANK5   BANK6   BANK7   BANK8   BANK9  BANK10  BANK11  BANK12  BANK13  BANK14  BANK15
      Params:         0       0       0       0       0       0       0       0       0       0       0       0       0       0       0       0       0
      Locals:         0       0       0       0       0       0       0       0       0       0       0       0       0       0       0       0       0
      Temps:          0       0       0       0       0       0       0       0       0       0       0       0       0       0       0       0       0
      Totals:         0       0       0       0       0       0       0       0       0       0       0       0       0       0       0       0       0
Total ram usage:        0 bytes
 Hardware stack levels used:    1
 Hardware stack levels required when called:    4
 This function calls:
		Nothing
 This function is called by:
		_SYSTEM_Initialize
 This function uses a non-reentrant model


 *************** function _ADC_Initialize *****************
 Defined at:
		line 61 in file "mcc_generated_files/adc.c"
 Parameters:    Size  Location     Type
		None
 Auto vars:     Size  Location     Type
		None
 Return value:  Size  Location     Type
                  1    wreg      void 
 Registers used:
		wreg, status,2
 Tracked objects:
		On entry : 
		On exit  : 
		Unchanged: 
 Data sizes:     COMRAM   BANK0   BANK1   BANK2   BANK3   BANK4   BANK5   BANK6   BANK7   BANK8   BANK9  BANK10  BANK11  BANK12  BANK13  BANK14  BANK15
      Params:         0       0       0       0       0       0       0       0       0       0       0       0       0       0       0       0       0
      Locals:         0       0       0       0       0       0       0       0       0       0       0       0       0       0       0       0       0
      Temps:          0       0       0       0       0       0       0       0       0       0       0       0       0       0       0       0       0
      Totals:         0       0       0       0       0       0       0       0       0       0       0       0       0       0       0       0       0
Total ram usage:        0 bytes
 Hardware stack levels used:    1
 Hardware stack levels required when called:    4
 This function calls:
		Nothing
 This function is called by:
		_SYSTEM_Initialize
 This function uses a non-reentrant model


 *************** function _INTERRUPT_InterruptManager *****************
 Defined at:
		line 57 in file "mcc_generated_files/interrupt_manager.c"
 Parameters:    Size  Location     Type
		None
 Auto vars:     Size  Location     Type
		None
 Return value:  Size  Location     Type
                  1    wreg      void 
 Registers used:
		wreg, status,2, status,0, pclath, tosl, cstack
 Tracked objects:
		On entry : 
		On exit  : 
		Unchanged: 
 Data sizes:     COMRAM   BANK0   BANK1   BANK2   BANK3   BANK4   BANK5   BANK6   BANK7   BANK8   BANK9  BANK10  BANK11  BANK12  BANK13  BANK14  BANK15
      Params:         0       0       0       0       0       0       0       0       0       0       0       0       0       0       0       0       0
      Locals:         0       0       0       0       0       0       0       0       0       0       0       0       0       0       0       0       0
      Temps:         14       0       0       0       0       0       0       0       0       0       0       0       0       0       0       0       0
      Totals:        14       0       0       0       0       0       0       0       0       0       0       0       0       0       0       0       0
Total ram usage:       14 bytes
 Hardware stack levels used:    1
 Hardware stack levels required when called:    3
 This function calls:
		_ADC_ISR
		_TMR2_ISR
		_TMR6_ISR
 This function is called by:
		Interrupt level 2
 This function uses a non-reentrant model


 *************** function _TMR6_ISR *****************
 Defined at:
		line 121 in file "mcc_generated_files/tmr6.c"
 Parameters:    Size  Location     Type
		None
 Auto vars:     Size  Location     Type
		None
 Return value:  Size  Location     Type
                  1    wreg      void 
 Registers used:
		wreg, status,2, status,0, pclath, tosl, cstack
 Tracked objects:
		On entry : 
		On exit  : 
		Unchanged: 
 Data sizes:     COMRAM   BANK0   BANK1   BANK2   BANK3   BANK4   BANK5   BANK6   BANK7   BANK8   BANK9  BANK10  BANK11  BANK12  BANK13  BANK14  BANK15
      Params:         0       0       0       0       0       0       0       0       0       0       0       0       0       0       0       0       0
      Locals:         0       0       0       0       0       0       0       0       0       0       0       0       0       0       0       0       0
      Temps:          0       0       0       0       0       0       0       0       0       0       0       0       0       0       0       0       0
      Totals:         0       0       0       0       0       0       0       0       0       0       0       0       0       0       0       0       0
Total ram usage:        0 bytes
 Hardware stack levels used:    1
 Hardware stack levels required when called:    1
 This function calls:
		Absolute function
		_TMR6_DefaultInterruptHandler
 This function is called by:
		_INTERRUPT_InterruptManager
 This function uses a non-reentrant model


 *************** function _TMR6_DefaultInterruptHandler *****************
 Defined at:
		line 138 in file "mcc_generated_files/tmr6.c"
 Parameters:    Size  Location     Type
		None
 Auto vars:     Size  Location     Type
		None
 Return value:  Size  Location     Type
                  1    wreg      void 
 Registers used:
		None
 Tracked objects:
		On entry : 
		On exit  : 
		Unchanged: 
 Data sizes:     COMRAM   BANK0   BANK1   BANK2   BANK3   BANK4   BANK5   BANK6   BANK7   BANK8   BANK9  BANK10  BANK11  BANK12  BANK13  BANK14  BANK15
      Params:         0       0       0       0       0       0       0       0       0       0       0       0       0       0       0       0       0
      Locals:         0       0       0       0       0       0       0       0       0       0       0       0       0       0       0       0       0
      Temps:          0       0       0       0       0       0       0       0       0       0       0       0       0       0       0       0       0
      Totals:         0       0       0       0       0       0       0       0       0       0       0       0       0       0       0       0       0
Total ram usage:        0 bytes
 Hardware stack levels used:    1
 This function calls:
		Nothing
 This function is called by:
		_TMR6_Initialize
		_TMR6_ISR
 This function uses a non-reentrant model


 *************** function _TMR2_ISR *****************
 Defined at:
		line 122 in file "mcc_generated_files/tmr2.c"
 Parameters:    Size  Location     Type
		None
 Auto vars:     Size  Location     Type
		None
 Return value:  Size  Location     Type
                  1    wreg      void 
 Registers used:
		wreg, status,2, status,0, pclath, tosl, cstack
 Tracked objects:
		On entry : 
		On exit  : 
		Unchanged: 
 Data sizes:     COMRAM   BANK0   BANK1   BANK2   BANK3   BANK4   BANK5   BANK6   BANK7   BANK8   BANK9  BANK10  BANK11  BANK12  BANK13  BANK14  BANK15
      Params:         0       0       0       0       0       0       0       0       0       0       0       0       0       0       0       0       0
      Locals:         0       0       0       0       0       0       0       0       0       0       0       0       0       0       0       0       0
      Temps:          0       0       0       0       0       0       0       0       0       0       0       0       0       0       0       0       0
      Totals:         0       0       0       0       0       0       0       0       0       0       0       0       0       0       0       0       0
Total ram usage:        0 bytes
 Hardware stack levels used:    1
 Hardware stack levels required when called:    2
 This function calls:
		_TMR2_CallBack
 This function is called by:
		_INTERRUPT_InterruptManager
 This function uses a non-reentrant model


 *************** function _TMR2_CallBack *****************
 Defined at:
		line 133 in file "mcc_generated_files/tmr2.c"
 Parameters:    Size  Location     Type
		None
 Auto vars:     Size  Location     Type
		None
 Return value:  Size  Location     Type
                  1    wreg      void 
 Registers used:
		wreg, status,2, status,0, pclath, tosl, cstack
 Tracked objects:
		On entry : 
		On exit  : 
		Unchanged: 
 Data sizes:     COMRAM   BANK0   BANK1   BANK2   BANK3   BANK4   BANK5   BANK6   BANK7   BANK8   BANK9  BANK10  BANK11  BANK12  BANK13  BANK14  BANK15
      Params:         0       0       0       0       0       0       0       0       0       0       0       0       0       0       0       0       0
      Locals:         0       0       0       0       0       0       0       0       0       0       0       0       0       0       0       0       0
      Temps:          0       0       0       0       0       0       0       0       0       0       0       0       0       0       0       0       0
      Totals:         0       0       0       0       0       0       0       0       0       0       0       0       0       0       0       0       0
Total ram usage:        0 bytes
 Hardware stack levels used:    1
 Hardware stack levels required when called:    1
 This function calls:
		Absolute function
		_TMR2_DefaultInterruptHandler
 This function is called by:
		_TMR2_ISR
 This function uses a non-reentrant model


 *************** function _TMR2_DefaultInterruptHandler *****************
 Defined at:
		line 148 in file "mcc_generated_files/tmr2.c"
 Parameters:    Size  Location     Type
		None
 Auto vars:     Size  Location     Type
		None
 Return value:  Size  Location     Type
                  1    wreg      void 
 Registers used:
		None
 Tracked objects:
		On entry : 
		On exit  : 
		Unchanged: 
 Data sizes:     COMRAM   BANK0   BANK1   BANK2   BANK3   BANK4   BANK5   BANK6   BANK7   BANK8   BANK9  BANK10  BANK11  BANK12  BANK13  BANK14  BANK15
      Params:         0       0       0       0       0       0       0       0       0       0       0       0       0       0       0       0       0
      Locals:         0       0       0       0       0       0       0       0       0       0       0       0       0       0       0       0       0
      Temps:          0       0       0       0       0       0       0       0       0       0       0       0       0       0       0       0       0
      Totals:         0       0       0       0       0       0       0       0       0       0       0       0       0       0       0       0       0
Total ram usage:        0 bytes
 Hardware stack levels used:    1
 This function calls:
		Nothing
 This function is called by:
		_TMR2_Initialize
		_TMR2_CallBack
 This function uses a non-reentrant model


 *************** function _ADC_ISR *****************
 Defined at:
		line 144 in file "mcc_generated_files/adc.c"
 Parameters:    Size  Location     Type
		None
 Auto vars:     Size  Location     Type
		None
 Return value:  Size  Location     Type
                  1    wreg      void 
 Registers used:
		None
 Tracked objects:
		On entry : 
		On exit  : 
		Unchanged: 
 Data sizes:     COMRAM   BANK0   BANK1   BANK2   BANK3   BANK4   BANK5   BANK6   BANK7   BANK8   BANK9  BANK10  BANK11  BANK12  BANK13  BANK14  BANK15
      Params:         0       0       0       0       0       0       0       0       0       0       0       0       0       0       0       0       0
      Locals:         0       0       0       0       0       0       0       0       0       0       0       0       0       0       0       0       0
      Temps:          0       0       0       0       0       0       0       0       0       0       0       0       0       0       0       0       0
      Totals:         0       0       0       0       0       0       0       0       0       0       0       0       0       0       0       0       0
Total ram usage:        0 bytes
 Hardware stack levels used:    1
 This function calls:
		Nothing
 This function is called by:
		_INTERRUPT_InterruptManager
 This function uses a non-reentrant model



MODULE INFORMATION

Module		Function		Class		Link	Load	Size
mcc_generated_files/tmr6.c
		_TMR6_StartTimer		CODE           	0DB4	0000	7
		_TMR6_ISR      		CODE           	0D10	0000	35
		_TMR6_Initialize		CODE           	0C36	0000	41
		_TMR6_SetInterruptHandler		CODE           	0D98	0000	11
		_TMR6_DefaultInterruptHandler		CODE           	0DC6	0000	3

mcc_generated_files/tmr6.c estimated size: 97

mcc_generated_files/tmr2.c
		_TMR2_ISR      		CODE           	0DAC	0000	9
		_TMR2_Initialize		CODE           	0CEE	0000	35
		_TMR2_SetInterruptHandler		CODE           	0DA2	0000	11
		_TMR2_DefaultInterruptHandler		CODE           	0DC8	0000	3
		_TMR2_CallBack 		CODE           	0CCA	0000	37
		_TMR2_StartTimer		CODE           	0DBA	0000	5

mcc_generated_files/tmr2.c estimated size: 100

mcc_generated_files/interrupt_manager.c
		_INTERRUPT_Initialize		CODE           	0DBE	0000	5
		_INTERRUPT_InterruptManager		CODE           	0008	0000	163

mcc_generated_files/interrupt_manager.c estimated size: 168

mcc_generated_files/epwm2.c
		_EPWM2_LoadDutyValue		CODE           	0B84	0000	49
		_EPWM2_Initialize		CODE           	0C82	0000	37

mcc_generated_files/epwm2.c estimated size: 86

mcc_generated_files/pin_manager.c
		_PIN_MANAGER_Initialize		CODE           	0AC8	0000	77

mcc_generated_files/pin_manager.c estimated size: 77

C:\Program Files\Microchip\xc8\v1.41\sources\common\float.c
		___ftpack      		CODE           	07D4	0000	175

C:\Program Files\Microchip\xc8\v1.41\sources\common\float.c estimated size: 175

mcc_generated_files/adc.c
		_ADC_Initialize		CODE           	0D32	0000	25
		_ADC_GetConversion		CODE           	0B54	0000	49
		_ADC_ISR       		CODE           	0DC2	0000	5

mcc_generated_files/adc.c estimated size: 79

C:\Program Files\Microchip\xc8\v1.41\sources\common\lwtoft.c
		___lwtoft      		CODE           	0C5E	0000	37

C:\Program Files\Microchip\xc8\v1.41\sources\common\lwtoft.c estimated size: 37

shared
		__initialization		CODE           	0A20	0000	77

shared estimated size: 77

mcc_generated_files/eusart1.c
		_EUSART1_Initialize		CODE           	0D4A	0000	23
		_EUSART1_Write 		CODE           	0D82	0000	13

mcc_generated_files/eusart1.c estimated size: 36

mcc_generated_files/mcc.c
		_OSCILLATOR_Initialize		CODE           	0D74	0000	15
		_SYSTEM_Initialize		CODE           	0BE4	0000	43

mcc_generated_files/mcc.c estimated size: 58

C:\Program Files\Microchip\xc8\v1.41\sources\common\ftdiv.c
		___ftdiv       		CODE           	06EE	0000	231

C:\Program Files\Microchip\xc8\v1.41\sources\common\ftdiv.c estimated size: 231

mcc_generated_files/epwm1.c
		_EPWM1_LoadDutyValue		CODE           	0BB4	0000	49
		_EPWM1_Initialize		CODE           	0CA6	0000	37

mcc_generated_files/epwm1.c estimated size: 86

MotorDriver.c
		_StepMove      		CODE           	0A7A	0000	79
		_State16MEF_act		CODE           	0400	0000	507
		_State8MEF_act 		CODE           	00AE	0000	851
		_controlador1  		CODE           	091C	0000	133
		_controlador2  		CODE           	0882	0000	155
		_StateMEF_ini  		CODE           	0D8E	0000	11

MotorDriver.c estimated size: 1736

mcc_generated_files/ccp5.c
		_CCP5_Initialize		CODE           	0D60	0000	21

mcc_generated_files/ccp5.c estimated size: 21

main.c
		_main          		CODE           	0C0E	0000	41

main.c estimated size: 41

C:\Program Files\Microchip\xc8\v1.41\sources\common\fttol.c
		___fttol       		CODE           	05FA	0000	245

C:\Program Files\Microchip\xc8\v1.41\sources\common\fttol.c estimated size: 245

